
Obliczanie oszacowania wartości calki oznaczonej
z funkcji y=sqrt(x(2-x)) metoda Monte Carlo
---------------------------------------------------.
Autor(-rzy): Patryk Jaseniuk, Franciszek HajdukGrupa: L1/G3
---------------------------------------------------
Liczba losowan: 100
Oszacowanie wartości calki: 1.276
Czas obliczeń [s]: 2



Obliczanie oszacowania wartości calki oznaczonej
z funkcji y=sqrt(x(2-x)) metoda Monte Carlo
---------------------------------------------------.
Autor(-rzy): Patryk Jaseniuk, Franciszek HajdukGrupa: L1/G3
---------------------------------------------------
Liczba losowan: 1000
Oszacowanie wartości calki: 1.602
Czas obliczeń [s]: 2



Obliczanie oszacowania wartości calki oznaczonej
z funkcji y=sqrt(x(2-x)) metoda Monte Carlo
---------------------------------------------------.
Autor(-rzy): Patryk Jaseniuk, Franciszek HajdukGrupa: L1/G3
---------------------------------------------------
Liczba losowan: 10000
Oszacowanie wartości calki: 1.581
Czas obliczeń [s]: 2



Obliczanie oszacowania wartości calki oznaczonej
z funkcji y=sqrt(x(2-x)) metoda Monte Carlo
---------------------------------------------------.
Autor(-rzy): Patryk Jaseniuk, Franciszek HajdukGrupa: L1/G3
---------------------------------------------------
Liczba losowan: 10000
Oszacowanie wartości calki: 8.789
Czas obliczeń [s]: 2



Obliczanie oszacowania wartości calki oznaczonej
z funkcji y=sqrt(x(2-x)) metoda Monte Carlo
---------------------------------------------------.
Autor(-rzy): Patryk Jaseniuk, Franciszek HajdukGrupa: L1/G3
---------------------------------------------------
Liczba losowan: 10000
Oszacowanie wartości calki: 1.581
Czas obliczeń [s]: 2



Obliczanie oszacowania wartości calki oznaczonej
z funkcji y=sqrt(x(2-x)) metoda Monte Carlo
---------------------------------------------------.
Autor(-rzy): Patryk Jaseniuk, Franciszek HajdukGrupa: L1/G3
---------------------------------------------------
Liczba losowan: 10000
Oszacowanie wartości calki: 1.581
Czas obliczeń [s]: 2



Obliczanie oszacowania wartości calki oznaczonej
z funkcji y=sqrt(x(2-x)) metoda Monte Carlo
---------------------------------------------------.
Autor(-rzy): Patryk Jaseniuk, Franciszek HajdukGrupa: L1/G3
---------------------------------------------------
Liczba losowan: 10000
Oszacowanie wartości calki: 8.789
Czas obliczeń [s]: 2



Obliczanie oszacowania wartości calki oznaczonej
z funkcji y=sqrt(x(2-x)) metoda Monte Carlo
---------------------------------------------------.
Autor(-rzy): Patryk Jaseniuk, Franciszek HajdukGrupa: L1/G3
---------------------------------------------------
Liczba losowan: 10000
Oszacowanie wartości calki: 1.58092
Czas obliczeń [s]: 2



Obliczanie oszacowania wartości calki oznaczonej
z funkcji y=sqrt(x(2-x)) metoda Monte Carlo
---------------------------------------------------.
Autor(-rzy): Patryk Jaseniuk, Franciszek HajdukGrupa: L1/G3
---------------------------------------------------
Liczba losowan: 10000
Oszacowanie wartości calki: 8.789
Czas obliczeń [s]: 2



Obliczanie oszacowania wartości calki oznaczonej
z funkcji y=sqrt(x(2-x)) metoda Monte Carlo
---------------------------------------------------.
Autor(-rzy): Patryk Jaseniuk, Franciszek HajdukGrupa: L1/G3
---------------------------------------------------
Liczba losowan: 10000
Oszacowanie wartości calki: 1.58092
Czas obliczeń [s]: 2



Obliczanie oszacowania wartości calki oznaczonej
z funkcji y=sqrt(x(2-x)) metoda Monte Carlo
---------------------------------------------------.
Autor(-rzy): Patryk Jaseniuk, Franciszek HajdukGrupa: L1/G3
---------------------------------------------------
Liczba losowan: 10000
Oszacowanie wartości calki: 8.78944
Czas obliczeń [s]: 2



Obliczanie oszacowania wartości calki oznaczonej
z funkcji y=sqrt(x(2-x)) metoda Monte Carlo
---------------------------------------------------.
Autor(-rzy): Patryk Jaseniuk, Franciszek HajdukGrupa: L1/G3
---------------------------------------------------
Liczba losowan: 10000
Oszacowanie wartości calki: 1.58092
Czas obliczeń [s]: 2



Obliczanie oszacowania wartości calki oznaczonej
z funkcji y=sqrt(x(2-x)) metoda Monte Carlo
---------------------------------------------------.
Autor(-rzy): Patryk Jaseniuk, Franciszek HajdukGrupa: L1/G3
---------------------------------------------------
Liczba losowan: 100
Oszacowanie wartości calki: 1.276
Czas obliczeń [s]: 2



Obliczanie oszacowania wartości calki oznaczonej
z funkcji y=sqrt(x(2-x)) metoda Monte Carlo
---------------------------------------------------.
Autor(-rzy): Patryk Jaseniuk, Franciszek HajdukGrupa: L1/G3
---------------------------------------------------
Liczba losowan: 100000
Oszacowanie wartości calki: 1.57304
Czas obliczeń [s]: 2


